// Jest Snapshot v1, https://goo.gl/fbAQLP

exports[`Menu Component renders correctly 1`] = `
<div
  className="header"
>
  <div
    className="header__logo"
  >
    <img
      alt="The Godfather"
      src="the-godfather.svg"
    />
  </div>
</div>
`;
