// Jest Snapshot v1, https://goo.gl/fbAQLP

exports[`App renders correctly 1`] = `
<div
  className="app"
>
  <div
    className="background"
  >
    <div
      className="header-image"
    >
      <div
        className="header-image__overlay"
      />
      <div
        className="content-container"
      >
        <Menu />
      </div>
    </div>
  </div>
</div>
`;
